// Vitest Snapshot v1, https://vitest.dev/guide/snapshot.html

exports[`renders learn react link > Вводная 1`] = `
<input
  placeholder="some input..."
  type="text"
/>
`;
